{
  "method": "Playwright persistent Chromium context + temporary MV3 extension",
  "requestedZoom": 2,
  "target": "http://127.0.0.1:18766/",
  "outerViewport": [
    1280,
    720
  ],
  "browserVersion": "151.0.7922.34",
  "getZoom": 2,
  "metrics": {
    "cssViewport": [
      640,
      360
    ],
    "windowOuter": [
      1280,
      720
    ],
    "devicePixelRatio": 2,
    "documentClient": [
      640,
      360
    ],
    "documentScroll": [
      640,
      1095
    ],
    "horizontalOverflow": false
  },
  "scenario": {
    "exactSource": "ef76b375e4483da8c46f54220b2ef687c3a9b9e8",
    "baselinePassed": true,
    "nativeLayout": [
      {
        "label": "replan 375x812 light",
        "tabZoom": 2,
        "cssViewport": [
          187,
          406
        ],
        "devicePixelRatio": 2,
        "theme": "light",
        "document": [
          187,
          187
        ],
        "horizontalOverflow": false
      },
      {
        "label": "replan 768x1024 light",
        "tabZoom": 2,
        "cssViewport": [
          384,
          512
        ],
        "devicePixelRatio": 2,
        "theme": "light",
        "document": [
          384,
          384
        ],
        "horizontalOverflow": false
      },
      {
        "label": "replan 1280x720 light",
        "tabZoom": 2,
        "cssViewport": [
          640,
          360
        ],
        "devicePixelRatio": 2,
        "theme": "light",
        "document": [
          640,
          640
        ],
        "horizontalOverflow": false
      },
      {
        "label": "replan 1440x900 light",
        "tabZoom": 2,
        "cssViewport": [
          720,
          450
        ],
        "devicePixelRatio": 2,
        "theme": "light",
        "document": [
          720,
          720
        ],
        "horizontalOverflow": false
      },
      {
        "label": "series 375x812 light",
        "tabZoom": 2,
        "cssViewport": [
          187,
          406
        ],
        "devicePixelRatio": 2,
        "theme": "light",
        "document": [
          187,
          187
        ],
        "horizontalOverflow": false
      },
      {
        "label": "series 768x1024 light",
        "tabZoom": 2,
        "cssViewport": [
          384,
          512
        ],
        "devicePixelRatio": 2,
        "theme": "light",
        "document": [
          384,
          384
        ],
        "horizontalOverflow": false
      },
      {
        "label": "series 1280x720 light",
        "tabZoom": 2,
        "cssViewport": [
          640,
          360
        ],
        "devicePixelRatio": 2,
        "theme": "light",
        "document": [
          640,
          640
        ],
        "horizontalOverflow": false
      },
      {
        "label": "series 1440x900 light",
        "tabZoom": 2,
        "cssViewport": [
          720,
          450
        ],
        "devicePixelRatio": 2,
        "theme": "light",
        "document": [
          720,
          720
        ],
        "horizontalOverflow": false
      },
      {
        "label": "replan 375x812 dark",
        "tabZoom": 2,
        "cssViewport": [
          187,
          406
        ],
        "devicePixelRatio": 2,
        "theme": "dark",
        "document": [
          187,
          187
        ],
        "horizontalOverflow": false
      },
      {
        "label": "replan 768x1024 dark",
        "tabZoom": 2,
        "cssViewport": [
          384,
          512
        ],
        "devicePixelRatio": 2,
        "theme": "dark",
        "document": [
          384,
          384
        ],
        "horizontalOverflow": false
      },
      {
        "label": "replan 1280x720 dark",
        "tabZoom": 2,
        "cssViewport": [
          640,
          360
        ],
        "devicePixelRatio": 2,
        "theme": "dark",
        "document": [
          640,
          640
        ],
        "horizontalOverflow": false
      },
      {
        "label": "replan 1440x900 dark",
        "tabZoom": 2,
        "cssViewport": [
          720,
          450
        ],
        "devicePixelRatio": 2,
        "theme": "dark",
        "document": [
          720,
          720
        ],
        "horizontalOverflow": false
      },
      {
        "label": "series 375x812 dark",
        "tabZoom": 2,
        "cssViewport": [
          187,
          406
        ],
        "devicePixelRatio": 2,
        "theme": "dark",
        "document": [
          187,
          187
        ],
        "horizontalOverflow": false
      },
      {
        "label": "series 768x1024 dark",
        "tabZoom": 2,
        "cssViewport": [
          384,
          512
        ],
        "devicePixelRatio": 2,
        "theme": "dark",
        "document": [
          384,
          384
        ],
        "horizontalOverflow": false
      },
      {
        "label": "series 1280x720 dark",
        "tabZoom": 2,
        "cssViewport": [
          640,
          360
        ],
        "devicePixelRatio": 2,
        "theme": "dark",
        "document": [
          640,
          640
        ],
        "horizontalOverflow": false
      },
      {
        "label": "series 1440x900 dark",
        "tabZoom": 2,
        "cssViewport": [
          720,
          450
        ],
        "devicePixelRatio": 2,
        "theme": "dark",
        "document": [
          720,
          720
        ],
        "horizontalOverflow": false
      }
    ],
    "slotAccess": {
      "pointer": {
        "viewport": [
          375,
          812
        ],
        "zoom": 2,
        "before": {
          "bounds": [
            290,
            660,
            62,
            35
          ],
          "headerBottom": 125,
          "viewport": [
            187,
            406
          ],
          "dpr": 2,
          "inViewport": false,
          "belowHeader": true,
          "focused": false,
          "focusVisible": false,
          "centerHitsTarget": false,
          "centerHitTag": null,
          "centerHitClass": null,
          "centerHitTestId": null,
          "enabled": true,
          "scrollY": 681
        },
        "after": {
          "bounds": [
            107,
            67,
            62,
            35
          ],
          "headerBottom": 125,
          "viewport": [
            187,
            406
          ],
          "dpr": 2,
          "inViewport": true,
          "belowHeader": false,
          "focused": false,
          "focusVisible": false,
          "centerHitsTarget": false,
          "centerHitTag": "nav",
          "centerHitClass": "",
          "centerHitTestId": null,
          "enabled": true,
          "scrollY": 1273
        },
        "selected": false,
        "clickError": "locator.click: Timeout 5000ms exceeded."
      },
      "keyboard": {
        "viewport": [
          375,
          812
        ],
        "zoom": 2,
        "searchFocus": {
          "id": "search-button",
          "tag": "BUTTON"
        },
        "searchStatus": 200,
        "focusAfterSearch": null,
        "tabStopsToSlot": 3,
        "reachedByTab": true,
        "target": {
          "bounds": [
            130,
            185,
            62,
            35
          ],
          "headerBottom": 125,
          "viewport": [
            187,
            406
          ],
          "dpr": 2,
          "inViewport": false,
          "belowHeader": true,
          "focused": true,
          "focusVisible": true,
          "centerHitsTarget": true,
          "centerHitTag": "button",
          "centerHitClass": "time-cell",
          "centerHitTestId": "slot-t_2-19:00",
          "enabled": true,
          "scrollY": 1155,
          "selectedByEnter": true
        },
        "bookingAction": {
          "reachedByTab": true,
          "tabsAfterSlot": 31,
          "geometry": {
            "bounds": [
              19,
              181,
              150,
              44
            ],
            "headerBottom": 125,
            "viewport": [
              187,
              406
            ],
            "dpr": 2,
            "inViewport": true,
            "belowHeader": true,
            "focused": true,
            "focusVisible": true,
            "centerHitsTarget": true,
            "centerHitTag": "button",
            "centerHitClass": "button button-primary review-submit",
            "centerHitTestId": "booking-submit",
            "enabled": true,
            "scrollY": 1812
          }
        }
      }
    },
    "mobileStaleFeedback": {
      "status": 409,
      "role": "alert",
      "geometry": {
        "bounds": [
          34,
          170,
          120,
          154
        ],
        "headerBottom": 125,
        "viewport": [
          187,
          406
        ],
        "dpr": 2,
        "inViewport": true,
        "belowHeader": true,
        "focused": true,
        "focusVisible": false,
        "centerHitsTarget": true,
        "centerHitTag": "p",
        "centerHitClass": "message message-error",
        "centerHitTestId": "replan-apply-error",
        "enabled": true,
        "scrollY": 5434
      },
      "viewport": [
        375,
        812
      ],
      "zoom": 2
    },
    "loggedOutReserve": [
      {
        "theme": "light",
        "viewport": [
          375,
          812
        ],
        "zoom": 1,
        "slotTestId": "slot-t_2-18:00",
        "slotSelected": true,
        "slotClickError": null,
        "pageScrollBeforeSearch": 0,
        "pageScrollAfterSelection": 1188,
        "panel": {
          "bounds": [
            16,
            78,
            343,
            523
          ],
          "headerBottom": 65,
          "viewport": [
            375,
            812
          ],
          "dpr": 1,
          "inViewport": true,
          "belowHeader": true,
          "focused": false,
          "focusVisible": false,
          "centerHitsTarget": true,
          "centerHitTag": "form",
          "centerHitClass": "",
          "centerHitTestId": "booking-form",
          "enabled": true,
          "scrollY": 1188
        },
        "reserveExists": true,
        "reserveEnabled": true,
        "reserve": {
          "bounds": [
            35,
            502,
            305,
            44
          ],
          "headerBottom": 65,
          "viewport": [
            375,
            812
          ],
          "dpr": 1,
          "inViewport": true,
          "belowHeader": true,
          "focused": false,
          "focusVisible": false,
          "centerHitsTarget": true,
          "centerHitTag": "button",
          "centerHitClass": "button button-primary review-submit",
          "centerHitTestId": "booking-submit",
          "enabled": true,
          "scrollY": 1188
        },
        "error": {
          "role": "alert",
          "geometry": {
            "bounds": [
              35,
              407,
              305,
              59
            ],
            "headerBottom": 65,
            "viewport": [
              375,
              812
            ],
            "dpr": 1,
            "inViewport": true,
            "belowHeader": true,
            "focused": false,
            "focusVisible": false,
            "centerHitsTarget": true,
            "centerHitTag": "p",
            "centerHitClass": "message message-error auth-panel-error",
            "centerHitTestId": "auth-error",
            "enabled": true,
            "scrollY": 1188
          },
          "preSubmitGeometry": {
            "bounds": [
              35,
              407,
              305,
              59
            ],
            "headerBottom": 65,
            "viewport": [
              375,
              812
            ],
            "dpr": 1,
            "inViewport": true,
            "belowHeader": true,
            "focused": true,
            "focusVisible": false,
            "centerHitsTarget": true,
            "centerHitTag": "p",
            "centerHitClass": "message message-error auth-panel-error",
            "centerHitTestId": "auth-error",
            "enabled": true,
            "scrollY": 1188
          },
          "reserveDescribedBy": "auth-error",
          "insideReservationPanel": true,
          "afterSignIn": true,
          "belowSignIn": true
        }
      },
      {
        "theme": "dark",
        "viewport": [
          375,
          812
        ],
        "zoom": 1,
        "slotTestId": "slot-t_2-18:00",
        "slotSelected": true,
        "slotClickError": null,
        "pageScrollBeforeSearch": 0,
        "pageScrollAfterSelection": 1188,
        "panel": {
          "bounds": [
            16,
            78,
            343,
            523
          ],
          "headerBottom": 65,
          "viewport": [
            375,
            812
          ],
          "dpr": 1,
          "inViewport": true,
          "belowHeader": true,
          "focused": false,
          "focusVisible": false,
          "centerHitsTarget": true,
          "centerHitTag": "form",
          "centerHitClass": "",
          "centerHitTestId": "booking-form",
          "enabled": true,
          "scrollY": 1188
        },
        "reserveExists": true,
        "reserveEnabled": true,
        "reserve": {
          "bounds": [
            35,
            502,
            305,
            44
          ],
          "headerBottom": 65,
          "viewport": [
            375,
            812
          ],
          "dpr": 1,
          "inViewport": true,
          "belowHeader": true,
          "focused": false,
          "focusVisible": false,
          "centerHitsTarget": true,
          "centerHitTag": "button",
          "centerHitClass": "button button-primary review-submit",
          "centerHitTestId": "booking-submit",
          "enabled": true,
          "scrollY": 1188
        },
        "error": {
          "role": "alert",
          "geometry": {
            "bounds": [
              35,
              407,
              305,
              59
            ],
            "headerBottom": 65,
            "viewport": [
              375,
              812
            ],
            "dpr": 1,
            "inViewport": true,
            "belowHeader": true,
            "focused": false,
            "focusVisible": false,
            "centerHitsTarget": true,
            "centerHitTag": "p",
            "centerHitClass": "message message-error auth-panel-error",
            "centerHitTestId": "auth-error",
            "enabled": true,
            "scrollY": 1188
          },
          "preSubmitGeometry": {
            "bounds": [
              35,
              407,
              305,
              59
            ],
            "headerBottom": 65,
            "viewport": [
              375,
              812
            ],
            "dpr": 1,
            "inViewport": true,
            "belowHeader": true,
            "focused": true,
            "focusVisible": false,
            "centerHitsTarget": true,
            "centerHitTag": "p",
            "centerHitClass": "message message-error auth-panel-error",
            "centerHitTestId": "auth-error",
            "enabled": true,
            "scrollY": 1188
          },
          "reserveDescribedBy": "auth-error",
          "insideReservationPanel": true,
          "afterSignIn": true,
          "belowSignIn": true
        }
      },
      {
        "theme": "light",
        "viewport": [
          1280,
          720
        ],
        "zoom": 1,
        "slotTestId": "slot-t_2-20:30",
        "slotSelected": true,
        "slotClickError": null,
        "pageScrollBeforeSearch": 0,
        "pageScrollAfterSelection": 396,
        "panel": {
          "bounds": [
            854,
            177,
            386,
            531
          ],
          "headerBottom": 76,
          "viewport": [
            1280,
            720
          ],
          "dpr": 1,
          "inViewport": true,
          "belowHeader": true,
          "focused": false,
          "focusVisible": false,
          "centerHitsTarget": true,
          "centerHitTag": "form",
          "centerHitClass": "",
          "centerHitTestId": "booking-form",
          "enabled": true,
          "scrollY": 396
        },
        "reserveExists": true,
        "reserveEnabled": true,
        "reserve": {
          "bounds": [
            877,
            605,
            340,
            44
          ],
          "headerBottom": 76,
          "viewport": [
            1280,
            720
          ],
          "dpr": 1,
          "inViewport": true,
          "belowHeader": true,
          "focused": false,
          "focusVisible": false,
          "centerHitsTarget": true,
          "centerHitTag": "button",
          "centerHitClass": "button button-primary review-submit",
          "centerHitTestId": "booking-submit",
          "enabled": true,
          "scrollY": 396
        },
        "error": {
          "role": "alert",
          "geometry": {
            "bounds": [
              877,
              510,
              340,
              59
            ],
            "headerBottom": 76,
            "viewport": [
              1280,
              720
            ],
            "dpr": 1,
            "inViewport": true,
            "belowHeader": true,
            "focused": false,
            "focusVisible": false,
            "centerHitsTarget": true,
            "centerHitTag": "p",
            "centerHitClass": "message message-error auth-panel-error",
            "centerHitTestId": "auth-error",
            "enabled": true,
            "scrollY": 396
          },
          "preSubmitGeometry": {
            "bounds": [
              877,
              510,
              340,
              59
            ],
            "headerBottom": 76,
            "viewport": [
              1280,
              720
            ],
            "dpr": 1,
            "inViewport": true,
            "belowHeader": true,
            "focused": true,
            "focusVisible": false,
            "centerHitsTarget": true,
            "centerHitTag": "p",
            "centerHitClass": "message message-error auth-panel-error",
            "centerHitTestId": "auth-error",
            "enabled": true,
            "scrollY": 396
          },
          "reserveDescribedBy": "auth-error",
          "insideReservationPanel": true,
          "afterSignIn": true,
          "belowSignIn": true
        }
      },
      {
        "theme": "dark",
        "viewport": [
          1280,
          720
        ],
        "zoom": 1,
        "slotTestId": "slot-t_2-18:00",
        "slotSelected": true,
        "slotClickError": null,
        "pageScrollBeforeSearch": 0,
        "pageScrollAfterSelection": 396,
        "panel": {
          "bounds": [
            854,
            177,
            386,
            531
          ],
          "headerBottom": 76,
          "viewport": [
            1280,
            720
          ],
          "dpr": 1,
          "inViewport": true,
          "belowHeader": true,
          "focused": false,
          "focusVisible": false,
          "centerHitsTarget": true,
          "centerHitTag": "form",
          "centerHitClass": "",
          "centerHitTestId": "booking-form",
          "enabled": true,
          "scrollY": 396
        },
        "reserveExists": true,
        "reserveEnabled": true,
        "reserve": {
          "bounds": [
            877,
            605,
            340,
            44
          ],
          "headerBottom": 76,
          "viewport": [
            1280,
            720
          ],
          "dpr": 1,
          "inViewport": true,
          "belowHeader": true,
          "focused": false,
          "focusVisible": false,
          "centerHitsTarget": true,
          "centerHitTag": "button",
          "centerHitClass": "button button-primary review-submit",
          "centerHitTestId": "booking-submit",
          "enabled": true,
          "scrollY": 396
        },
        "error": {
          "role": "alert",
          "geometry": {
            "bounds": [
              877,
              510,
              340,
              59
            ],
            "headerBottom": 76,
            "viewport": [
              1280,
              720
            ],
            "dpr": 1,
            "inViewport": true,
            "belowHeader": true,
            "focused": false,
            "focusVisible": false,
            "centerHitsTarget": true,
            "centerHitTag": "p",
            "centerHitClass": "message message-error auth-panel-error",
            "centerHitTestId": "auth-error",
            "enabled": true,
            "scrollY": 396
          },
          "preSubmitGeometry": {
            "bounds": [
              877,
              510,
              340,
              59
            ],
            "headerBottom": 76,
            "viewport": [
              1280,
              720
            ],
            "dpr": 1,
            "inViewport": true,
            "belowHeader": true,
            "focused": true,
            "focusVisible": false,
            "centerHitsTarget": true,
            "centerHitTag": "p",
            "centerHitClass": "message message-error auth-panel-error",
            "centerHitTestId": "auth-error",
            "enabled": true,
            "scrollY": 396
          },
          "reserveDescribedBy": "auth-error",
          "insideReservationPanel": true,
          "afterSignIn": true,
          "belowSignIn": true
        }
      }
    ],
    "failures": [
      "mobile pointer slot selection was not visibly hit and selected"
    ],
    "ok": false
  },
  "postScenarioZoom": 2,
  "ok": false
}
